Microchip MPLAB XC8 Compiler V1.45 ()

Linker command line:

-W-3 --edf=C:\Program Files (x86)\Microchip\xc8\v1.45\dat\en_msgs.txt -cs \
  -h+dist/default/production\ElectricWaterHeater1.X.production.sym \
  --cmf=dist/default/production\ElectricWaterHeater1.X.production.cmf -z \
  -Q16F877A -oC:\Users\bedoa\AppData\Local\Temp\s3co.2 \
  -Mdist/default/production/ElectricWaterHeater1.X.production.map -E1 \
  -ver=XC8 -ASTACK=0110h-016fh -pstack=STACK -ACODE=00h-07FFhx4 \
  -ASTRCODE=00h-01FFFh -ASTRING=00h-0FFhx32 -ACONST=00h-0FFhx32 \
  -AENTRY=00h-0FFhx32 -ACOMMON=070h-07Fh -ABANK0=020h-06Fh \
  -ABANK1=0A0h-0EFh -ABANK2=0110h-016Fh -ABANK3=0190h-01EFh \
  -ARAM=020h-06Fh,0A0h-0EFh,0110h-016Fh,0190h-01EFh \
  -AABS1=020h-07Fh,0A0h-0EFh,0110h-016Fh,0190h-01EFh -ASFR0=00h-01Fh \
  -ASFR1=080h-09Fh -ASFR2=0100h-010Fh -ASFR3=0180h-018Fh \
  -preset_vec=00h,intentry=04h,init,end_init -ppowerup=CODE -pcinit=CODE \
  -pfunctab=ENTRY -ACONFIG=02007h-02007h -pconfig=CONFIG -DCONFIG=2 \
  -AIDLOC=02000h-02003h -pidloc=IDLOC -DIDLOC=2 -AEEDATA=00h-0FFh/02100h \
  -peeprom_data=EEDATA -DEEDATA=2 -DCODE=2 -DSTRCODE=2 -DSTRING=2 -DCONST=2 \
  -DENTRY=2 -k C:\Users\bedoa\AppData\Local\Temp\s3co.obj \
  dist/default/production\ElectricWaterHeater1.X.production.obj 

Object code version is 3.11

Machine type is 16F877A



                Name                               Link     Load   Length Selector   Space Scale
C:\Users\bedoa\AppData\Local\Temp\s3co.obj
                end_init                             12       12        3        8       0
                reset_vec                             0        0        3        0       0
                config                             2007     2007        1     400E       0
dist/default/production\ElectricWaterHeater1.X.production.obj
                cinit                                15       15       20        8       0
                intentry                              4        4        E        8       0
                text29                              F3D      F3D       2A     1E7A       0
                text28                              F06      F06       1B     1E0C       0
                text27                              E95      E95        4     1D2A       0
                text26                              F21      F21       1C     1E42       0
                text25                              EED      EED       19     1DDA       0
                text24                              F96      F96       31     1F2C       0
                text23                              EAA      EAA        A     1D54       0
                text22                              54E      54E       6E        8       0
                text21                              38B      38B       B8        8       0
                text20                              443      443       8E        8       0
                text19                              F67      F67       2F     1ECE       0
                text18                              17C      17C      13C        8       0
                text17                              5BC      5BC       5B        8       0
                text16                              713      713       4D        8       0
                text15                              FC7      FC7       39     1F8E       0
                text14                              671      671       55        8       0
                text13                              EB4      EB4        C     1D68       0
                text12                              2B8      2B8       D3        8       0
                text11                              7E8      7E8       18        8       0
                text10                              4D1      4D1       7D        8       0
                text9                               EC0      EC0        D     1D80       0
                text8                               EA1      EA1        9     1D42       0
                text7                               6C6      6C6       4D        8       0
                text6                               ECD      ECD       10     1D9A       0
                text5                               EDD      EDD       10     1DBA       0
                text4                               7A9      7A9       3F        8       0
                text3                               760      760       49        8       0
                text2                               617      617       5A        8       0
                text1                               E99      E99        8     1D32       0
                maintext                             35       35      147        8       0
                cstackBANK0                          20       20       3E       20       1
                cstackCOMMON                         70       70        7       70       1
                cstackBANK1                          A0       A0       31       A0       1
                bssBANK1                             D1       D1        2       A0       1
                dataBANK0                            6D       6D        1       20       1
                bssBANK0                             5E       5E        F       20       1
                bssCOMMON                            77       77        3       70       1
                nvBANK1                              D3       D3        1       A0       1
                idataBANK0                            3        3        1        0       0

TOTAL           Name                               Link     Load   Length     Space
        CLASS   STACK          

        CLASS   CODE           
                end_init                             12       12        3         0
                cinit                                15       15       20         0
                intentry                              4        4        E         0
                reset_vec                             0        0        3         0
                text29                              F3D      F3D       2A         0
                text28                              F06      F06       1B         0
                text27                              E95      E95        4         0
                text26                              F21      F21       1C         0
                text25                              EED      EED       19         0
                text24                              F96      F96       31         0
                text23                              EAA      EAA        A         0
                text22                              54E      54E       6E         0
                text21                              38B      38B       B8         0
                text20                              443      443       8E         0
                text19                              F67      F67       2F         0
                text18                              17C      17C      13C         0
                text17                              5BC      5BC       5B         0
                text16                              713      713       4D         0
                text15                              FC7      FC7       39         0
                text14                              671      671       55         0
                text13                              EB4      EB4        C         0
                text12                              2B8      2B8       D3         0
                text11                              7E8      7E8       18         0
                text10                              4D1      4D1       7D         0
                text9                               EC0      EC0        D         0
                text8                               EA1      EA1        9         0
                text7                               6C6      6C6       4D         0
                text6                               ECD      ECD       10         0
                text5                               EDD      EDD       10         0
                text4                               7A9      7A9       3F         0
                text3                               760      760       49         0
                text2                               617      617       5A         0
                text1                               E99      E99        8         0
                maintext                             35       35      147         0
                idataBANK0                            3        3        1         0

        CLASS   STRCODE        

        CLASS   STRING         

        CLASS   CONST          

        CLASS   ENTRY          

        CLASS   COMMON         
                cstackCOMMON                         70       70        7         1
                bssCOMMON                            77       77        3         1

        CLASS   BANK0          
                cstackBANK0                          20       20       3E         1
                dataBANK0                            6D       6D        1         1
                bssBANK0                             5E       5E        F         1

        CLASS   BANK1          
                cstackBANK1                          A0       A0       31         1
                bssBANK1                             D1       D1        2         1
                nvBANK1                              D3       D3        1         1

        CLASS   BANK2          

        CLASS   BANK3          

        CLASS   RAM            

        CLASS   ABS1           
                abs_s1                               7E       7E        2         1

        CLASS   SFR0           

        CLASS   SFR1           

        CLASS   SFR2           

        CLASS   SFR3           

        CLASS   CONFIG         
                config                             2007     2007        1         0

        CLASS   IDLOC          

        CLASS   EEDATA         



SEGMENTS        Name                           Load    Length   Top    Selector   Space  Class     Delta

                reset_vec                      000000  000004  000004         0       0  CODE        2
                intentry                       000004  0007FC  000800         8       0  CODE        2
                cstackBANK0                    000020  00004E  00006E        20       1  BANK0       1
                cstackCOMMON                   000070  00000A  00007A        70       1  COMMON      1
                cstackBANK1                    0000A0  000034  0000D4        A0       1  BANK1       1
                text27                         000E95  000004  000E99      1D2A       0  CODE        2
                text1                          000E99  000008  000EA1      1D32       0  CODE        2
                text8                          000EA1  000009  000EAA      1D42       0  CODE        2
                text23                         000EAA  00000A  000EB4      1D54       0  CODE        2
                text13                         000EB4  00000C  000EC0      1D68       0  CODE        2
                text9                          000EC0  00000D  000ECD      1D80       0  CODE        2
                text6                          000ECD  000010  000EDD      1D9A       0  CODE        2
                text5                          000EDD  000010  000EED      1DBA       0  CODE        2
                text25                         000EED  000019  000F06      1DDA       0  CODE        2
                text28                         000F06  00001B  000F21      1E0C       0  CODE        2
                text26                         000F21  00001C  000F3D      1E42       0  CODE        2
                text29                         000F3D  00002A  000F67      1E7A       0  CODE        2
                text19                         000F67  00002F  000F96      1ECE       0  CODE        2
                text24                         000F96  000031  000FC7      1F2C       0  CODE        2
                text15                         000FC7  000039  001000      1F8E       0  CODE        2
                config                         002007  000001  002008      400E       0  CONFIG      2


UNUSED ADDRESS RANGES

        Name                Unused          Largest block    Delta
        BANK0            006E-006F              2           1
        BANK1            00D4-00EF             1C           1
        BANK2            0110-016F             60           1
        BANK3            0190-01EF             60           1
        CODE             0800-0E94            695           2
                         1000-1FFF            800
        COMMON           007A-007D              4           1
        CONST            0800-0E94            100           2
                         1000-1FFF            100
        EEDATA           2100-21FF            100           2
        ENTRY            0800-0E94            100           2
                         1000-1FFF            100
        IDLOC            2000-2003              4           2
        RAM              006E-006F              2           1
                         00D4-00EF             1C
                         0110-016F             60
                         0190-01EF             60
        SFR0             0000-001F             20           1
        SFR1             0080-009F             20           1
        SFR2             0100-010F             10           1
        SFR3             0180-018F             10           1
        STACK            0110-016F             60           1
        STRCODE          0800-0E94            695           2
                         1000-1FFF           1000
        STRING           0800-0E94            100           2
                         1000-1FFF            100

                                  Symbol Table

?_ADC_Read                                cstackCOMMON 0074
?___awdiv                                 cstackBANK0  0020
?___awmod                                 cstackBANK0  0020
?___ftdiv                                 cstackBANK0  0039
?___ftmul                                 cstackBANK0  0029
?___ftpack                                cstackBANK0  0020
?___fttol                                 cstackBANK0  0049
?___lltoft                                cstackBANK0  0025
?___lwtoft                                cstackBANK0  0025
TASK_vidWaterConditioning@AllSum          cstackBANK1  00C8
TASK_vidWaterConditioning@AvgTemp         cstackBANK1  00CC
TASK_vidWaterConditioning@SumTemp         cstackBANK1  00A0
TASK_vidWaterConditioning@i               bssBANK1     00D1
TASK_vidWaterConditioning@j               cstackBANK1  00D0
Task_vidDisplayTemp@u8Temprature          cstackBANK0  002A
Vid_WriteExternalEEPROM@addr              cstackBANK0  0028
Vid_WriteExternalEEPROM@ah                cstackBANK0  002D
Vid_WriteExternalEEPROM@al                cstackBANK0  002E
Vid_WriteExternalEEPROM@nt                cstackBANK0  002F
Vid_WriteExternalEEPROM@tmp               cstackBANK0  0030
Vid_WriteExternalEEPROM@val               cstackBANK0  002A
_ADCON0bits                               (abs)        001F
_ADCON1bits                               (abs)        009F
_ADC_Init                                 text28       0F06
_ADC_Read                                 text13       0EB4
_ADRESH                                   (abs)        001E
_ADRESL                                   (abs)        009E
_ChangeMode                               bssBANK0     0068
_CurrentTemp                              bssBANK1     00D2
_DisplaySevenSegment_init                 text27       0E95
_DownSwitch_State                         bssCOMMON    0077
_Down_switch                              bssBANK0     0069
_ElectricHeaterCurrentState               dataBANK0    006D
_HW_init                                  text26       0F21
_INTCONbits                               (abs)        000B
_ISR                                      text29       0F3D
_Ndelay                                   text8        0EA1
_OPTION_REGbits                           (abs)        0081
_OnOffSwitch_State                        bssCOMMON    0079
_PORTAbits                                (abs)        0005
_PORTBbits                                (abs)        0006
_PORTCbits                                (abs)        0007
_PORTD                                    (abs)        0008
_SetTempCount                             bssBANK0     0062
_TASK_vidReadOnOffSwitch                  text25       0EED
_TASK_vidReadUPDOWNSwitch                 text24       0F96
_TASK_vidSwitchOFFALLPeripherals          text23       0EAA
_TASK_vidWaterConditioning                text18       017C
_TRISAbits                                (abs)        0085
_TRISBbits                                (abs)        0086
_TRISCbits                                (abs)        0087
_TRISD                                    (abs)        0088
_Task_vidDisplayTemp                      text14       0671
_Task_vidGetTemp                          text10       04D1
_Temp                                     nvBANK1      00D3
_Time_out                                 bssBANK0     005E
_Timer0_init                              text9        0EC0
_UP_Switch                                bssBANK0     006A
_UpSwitch_State                           bssCOMMON    0078
_Vid_WriteExternalEEPROM                  text2        0617
__CFG_BOREN$OFF                           (abs)        0000
__CFG_CP$OFF                              (abs)        0000
__CFG_CPD$OFF                             (abs)        0000
__CFG_FOSC$HS                             (abs)        0000
__CFG_LVP$OFF                             (abs)        0000
__CFG_PWRTE$OFF                           (abs)        0000
__CFG_WDTE$OFF                            (abs)        0000
__CFG_WRT$OFF                             (abs)        0000
__Habs1                                   abs1         0000
__Hbank0                                  bank0        0000
__Hbank1                                  bank1        0000
__Hbank2                                  bank2        0000
__Hbank3                                  bank3        0000
__HbssBANK0                               bssBANK0     0000
__HbssBANK1                               bssBANK1     0000
__HbssCOMMON                              bssCOMMON    0000
__Hcinit                                  cinit        0035
__Hclrtext                                clrtext      0000
__Hcode                                   code         0000
__Hcommon                                 common       0000
__Hconfig                                 config       2008
__HcstackBANK0                            cstackBANK0  0000
__HcstackBANK1                            cstackBANK1  0000
__HcstackCOMMON                           cstackCOMMON 0000
__HdataBANK0                              dataBANK0    0000
__Heeprom_data                            eeprom_data  0000
__Hend_init                               end_init     0015
__Hfunctab                                functab      0000
__HidataBANK0                             idataBANK0   0000
__Hidloc                                  idloc        0000
__Hinit                                   init         0012
__Hintentry                               intentry     0012
__Hmaintext                               maintext     0000
__HnvBANK1                                nvBANK1      0000
__Hpowerup                                powerup      0000
__Hram                                    ram          0000
__Hreset_vec                              reset_vec    0003
__Hsfr0                                   sfr0         0000
__Hsfr1                                   sfr1         0000
__Hsfr2                                   sfr2         0000
__Hsfr3                                   sfr3         0000
__Hspace_0                                (abs)        2008
__Hspace_1                                (abs)        00D4
__Hspace_2                                (abs)        0000
__Hspace_3                                (abs)        0000
__Hstack                                  stack        0000
__Hstrings                                strings      0000
__Htext                                   text         0000
__Labs1                                   abs1         0000
__Lbank0                                  bank0        0000
__Lbank1                                  bank1        0000
__Lbank2                                  bank2        0000
__Lbank3                                  bank3        0000
__LbssBANK0                               bssBANK0     0000
__LbssBANK1                               bssBANK1     0000
__LbssCOMMON                              bssCOMMON    0000
__Lcinit                                  cinit        0015
__Lclrtext                                clrtext      0000
__Lcode                                   code         0000
__Lcommon                                 common       0000
__Lconfig                                 config       2007
__LcstackBANK0                            cstackBANK0  0000
__LcstackBANK1                            cstackBANK1  0000
__LcstackCOMMON                           cstackCOMMON 0000
__LdataBANK0                              dataBANK0    0000
__Leeprom_data                            eeprom_data  0000
__Lend_init                               end_init     0012
__Lfunctab                                functab      0000
__LidataBANK0                             idataBANK0   0000
__Lidloc                                  idloc        0000
__Linit                                   init         0012
__Lintentry                               intentry     0004
__Lmaintext                               maintext     0000
__LnvBANK1                                nvBANK1      0000
__Lpowerup                                powerup      0000
__Lram                                    ram          0000
__Lreset_vec                              reset_vec    0000
__Lsfr0                                   sfr0         0000
__Lsfr1                                   sfr1         0000
__Lsfr2                                   sfr2         0000
__Lsfr3                                   sfr3         0000
__Lspace_0                                (abs)        0000
__Lspace_1                                (abs)        0000
__Lspace_2                                (abs)        0000
__Lspace_3                                (abs)        0000
__Lstack                                  stack        0000
__Lstrings                                strings      0000
__Ltext                                   text         0000
__S0                                      (abs)        2008
__S1                                      (abs)        00D4
__S2                                      (abs)        0000
__S3                                      (abs)        0000
___awdiv                                  text17       05BC
___awdiv@counter                          cstackBANK0  0024
___awdiv@dividend                         cstackBANK0  0022
___awdiv@divisor                          cstackBANK0  0020
___awdiv@quotient                         cstackBANK0  0026
___awdiv@sign                             cstackBANK0  0025
___awmod                                  text16       0713
___awmod@counter                          cstackCOMMON 0075
___awmod@dividend                         cstackBANK0  0022
___awmod@divisor                          cstackBANK0  0020
___awmod@sign                             cstackCOMMON 0076
___ftdiv                                  text21       038B
___ftdiv@cntr                             cstackBANK0  0043
___ftdiv@exp                              cstackBANK0  0047
___ftdiv@f1                               cstackBANK0  003C
___ftdiv@f2                               cstackBANK0  0039
___ftdiv@f3                               cstackBANK0  0044
___ftdiv@sign                             cstackBANK0  0048
___ftmul                                  text12       02B8
___ftmul@cntr                             cstackBANK0  0037
___ftmul@exp                              cstackBANK0  0033
___ftmul@f1                               cstackBANK0  0029
___ftmul@f2                               cstackBANK0  002C
___ftmul@f3_as_product                    cstackBANK0  0034
___ftmul@sign                             cstackBANK0  0038
___ftpack                                 text22       054E
___ftpack@arg                             cstackBANK0  0020
___ftpack@exp                             cstackBANK0  0023
___ftpack@sign                            cstackBANK0  0024
___fttol                                  text20       0443
___fttol@exp1                             cstackBANK0  0056
___fttol@f1                               cstackBANK0  0049
___fttol@lval                             cstackBANK0  0052
___fttol@sign1                            cstackBANK0  0051
___int_sp                                 stack        0000
___latbits                                (abs)        0002
___lltoft                                 text19       0F67
___lltoft@c                               cstackBANK0  0025
___lltoft@exp                             cstackBANK0  002A
___lwtoft                                 text11       07E8
___lwtoft@c                               cstackBANK0  0025
___sp                                     stack        0000
__end_of_ADC_Init                         text28       0F21
__end_of_ADC_Read                         text13       0EC0
__end_of_DisplaySevenSegment_init         text27       0E99
__end_of_HW_init                          text26       0F3D
__end_of_ISR                              text29       0F67
__end_of_Ndelay                           text8        0EAA
__end_of_TASK_vidReadOnOffSwitch          text25       0F06
__end_of_TASK_vidReadUPDOWNSwitch         text24       0FC7
__end_of_TASK_vidSwitchOFFALLPeripherals  text23       0EB4
__end_of_TASK_vidWaterConditioning        text18       02B8
__end_of_Task_vidDisplayTemp              text14       06C6
__end_of_Task_vidGetTemp                  text10       054E
__end_of_Timer0_init                      text9        0ECD
__end_of_Vid_WriteExternalEEPROM          text2        0671
__end_of___awdiv                          text17       0617
__end_of___awmod                          text16       0760
__end_of___ftdiv                          text21       0443
__end_of___ftmul                          text12       038B
__end_of___ftpack                         text22       05BC
__end_of___fttol                          text20       04D1
__end_of___lltoft                         text19       0F96
__end_of___lwtoft                         text11       0800
__end_of__initialization                  cinit        0031
__end_of_displaySevenSegment              text15       1000
__end_of_i2c_init                         text1        0EA1
__end_of_i2c_rb                           text7        0713
__end_of_i2c_start                        text6        0EDD
__end_of_i2c_stop                         text5        0EED
__end_of_i2c_wb                           text4        07E8
__end_of_main                             maintext     017C
__end_of_u8_ReadExternalEEPROM            text3        07A9
__initialization                          cinit        0015
__pbssBANK0                               bssBANK0     005E
__pbssBANK1                               bssBANK1     00D1
__pbssCOMMON                              bssCOMMON    0077
__pcstackBANK0                            cstackBANK0  0020
__pcstackBANK1                            cstackBANK1  00A0
__pcstackCOMMON                           cstackCOMMON 0070
__pdataBANK0                              dataBANK0    006D
__pidataBANK0                             idataBANK0   0003
__pintentry                               intentry     0004
__pmaintext                               maintext     0035
__pnvBANK1                                nvBANK1      00D3
__ptext1                                  text1        0E99
__ptext10                                 text10       04D1
__ptext11                                 text11       07E8
__ptext12                                 text12       02B8
__ptext13                                 text13       0EB4
__ptext14                                 text14       0671
__ptext15                                 text15       0FC7
__ptext16                                 text16       0713
__ptext17                                 text17       05BC
__ptext18                                 text18       017C
__ptext19                                 text19       0F67
__ptext2                                  text2        0617
__ptext20                                 text20       0443
__ptext21                                 text21       038B
__ptext22                                 text22       054E
__ptext23                                 text23       0EAA
__ptext24                                 text24       0F96
__ptext25                                 text25       0EED
__ptext26                                 text26       0F21
__ptext27                                 text27       0E95
__ptext28                                 text28       0F06
__ptext29                                 text29       0F3D
__ptext3                                  text3        0760
__ptext4                                  text4        07A9
__ptext5                                  text5        0EDD
__ptext6                                  text6        0ECD
__ptext7                                  text7        06C6
__ptext8                                  text8        0EA1
__ptext9                                  text9        0EC0
__size_of_ADC_Init                        (abs)        0000
__size_of_ADC_Read                        (abs)        0000
__size_of_DisplaySevenSegment_init        (abs)        0000
__size_of_HW_init                         (abs)        0000
__size_of_ISR                             (abs)        0000
__size_of_Ndelay                          (abs)        0000
__size_of_TASK_vidReadOnOffSwitch         (abs)        0000
__size_of_TASK_vidReadUPDOWNSwitch        (abs)        0000
__size_of_TASK_vidSwitchOFFALLPeripherals (abs)        0000
__size_of_TASK_vidWaterConditioning       (abs)        0000
__size_of_Task_vidDisplayTemp             (abs)        0000
__size_of_Task_vidGetTemp                 (abs)        0000
__size_of_Timer0_init                     (abs)        0000
__size_of_Vid_WriteExternalEEPROM         (abs)        0000
__size_of___awdiv                         (abs)        0000
__size_of___awmod                         (abs)        0000
__size_of___ftdiv                         (abs)        0000
__size_of___ftmul                         (abs)        0000
__size_of___ftpack                        (abs)        0000
__size_of___fttol                         (abs)        0000
__size_of___lltoft                        (abs)        0000
__size_of___lwtoft                        (abs)        0000
__size_of_displaySevenSegment             (abs)        0000
__size_of_i2c_init                        (abs)        0000
__size_of_i2c_rb                          (abs)        0000
__size_of_i2c_start                       (abs)        0000
__size_of_i2c_stop                        (abs)        0000
__size_of_i2c_wb                          (abs)        0000
__size_of_main                            (abs)        0000
__size_of_u8_ReadExternalEEPROM           (abs)        0000
_displaySevenSegment                      text15       0FC7
_i2c_init                                 text1        0E99
_i2c_rb                                   text7        06C6
_i2c_start                                text6        0ECD
_i2c_stop                                 text5        0EDD
_i2c_wb                                   text4        07A9
_main                                     maintext     0035
_u16AnalogeRead                           bssBANK0     0066
_u16DigitalRead                           bssBANK0     006B
_u8_ReadExternalEEPROM                    text3        0760
btemp                                     (abs)        007E
displaySevenSegment@v                     cstackCOMMON 0074
end_of_initialization                     cinit        0031
i2c_rb@ack                                cstackBANK0  0020
i2c_rb@i                                  cstackBANK0  0022
i2c_rb@ret                                cstackBANK0  0021
i2c_wb@i                                  cstackBANK0  0021
i2c_wb@val                                cstackBANK0  0020
interrupt_function                        intentry     0004
intlevel0                                 functab      0000
intlevel1                                 functab      0000
intlevel2                                 functab      0000
intlevel3                                 functab      0000
intlevel4                                 functab      0000
intlevel5                                 functab      0000
reset_vec                                 reset_vec    0000
saved_w                                   (abs)        007E
stackhi                                   (abs)        0000
stacklo                                   (abs)        0000
start                                     init         0012
start_initialization                      cinit        0015
u8_ReadExternalEEPROM@addr                cstackBANK0  0023
u8_ReadExternalEEPROM@ah                  cstackBANK0  0027
u8_ReadExternalEEPROM@al                  cstackBANK0  0026
u8_ReadExternalEEPROM@ret                 cstackBANK0  0025
wtemp0                                    (abs)        007E


FUNCTION INFORMATION:

 *************** function _main *****************
 Defined at:
		line 25 in file "main.c"
 Parameters:    Size  Location     Type
		None
 Auto vars:     Size  Location     Type
		None
 Return value:  Size  Location     Type
                  1    wreg      void 
 Registers used:
		wreg, fsr0l, fsr0h, status,2, status,0, pclath, cstack
 Tracked objects:
		On entry : 
		On exit  : 
		Unchanged: 
 Data sizes:     COMMON   BANK0   BANK1   BANK3   BANK2
      Params:         0       0       0       0       0
      Locals:         0       0       0       0       0
      Temps:          0       1       0       0       0
      Totals:         0       1       0       0       0
Total ram usage:        1 bytes
 Hardware stack levels required when called:    5
 This function calls:
		_ADC_Init
		_DisplaySevenSegment_init
		_HW_init
		_TASK_vidReadOnOffSwitch
		_TASK_vidReadUPDOWNSwitch
		_TASK_vidSwitchOFFALLPeripherals
		_TASK_vidWaterConditioning
		_Task_vidDisplayTemp
		_Task_vidGetTemp
		_Timer0_init
		_Vid_WriteExternalEEPROM
		_i2c_init
		_u8_ReadExternalEEPROM
 This function is called by:
		Startup code after reset
 This function uses a non-reentrant model


 *************** function _i2c_init *****************
 Defined at:
		line 28 in file "i2c.c"
 Parameters:    Size  Location     Type
		None
 Auto vars:     Size  Location     Type
		None
 Return value:  Size  Location     Type
                  1    wreg      void 
 Registers used:
		None
 Tracked objects:
		On entry : 
		On exit  : 
		Unchanged: 
 Data sizes:     COMMON   BANK0   BANK1   BANK3   BANK2
      Params:         0       0       0       0       0
      Locals:         0       0       0       0       0
      Temps:          0       0       0       0       0
      Totals:         0       0       0       0       0
Total ram usage:        0 bytes
 Hardware stack levels used:    1
 Hardware stack levels required when called:    1
 This function calls:
		Nothing
 This function is called by:
		_main
 This function uses a non-reentrant model


 *************** function _Vid_WriteExternalEEPROM *****************
 Defined at:
		line 41 in file "eeprom_ext.c"
 Parameters:    Size  Location     Type
  addr            2    8[BANK0 ] unsigned int 
  val             1   10[BANK0 ] unsigned char 
 Auto vars:     Size  Location     Type
  tmp             2   16[BANK0 ] unsigned int 
  nt              1   15[BANK0 ] unsigned char 
  al              1   14[BANK0 ] unsigned char 
  ah              1   13[BANK0 ] unsigned char 
 Return value:  Size  Location     Type
                  1    wreg      void 
 Registers used:
		wreg, status,2, status,0, pclath, cstack
 Tracked objects:
		On entry : 
		On exit  : 
		Unchanged: 
 Data sizes:     COMMON   BANK0   BANK1   BANK3   BANK2
      Params:         0       3       0       0       0
      Locals:         0       5       0       0       0
      Temps:          0       2       0       0       0
      Totals:         0      10       0       0       0
Total ram usage:       10 bytes
 Hardware stack levels used:    1
 Hardware stack levels required when called:    4
 This function calls:
		_i2c_start
		_i2c_stop
		_i2c_wb
		_u8_ReadExternalEEPROM
 This function is called by:
		_main
 This function uses a non-reentrant model


 *************** function _u8_ReadExternalEEPROM *****************
 Defined at:
		line 5 in file "eeprom_ext.c"
 Parameters:    Size  Location     Type
  addr            2    3[BANK0 ] unsigned int 
 Auto vars:     Size  Location     Type
  ah              1    7[BANK0 ] unsigned char 
  al              1    6[BANK0 ] unsigned char 
  ret             1    5[BANK0 ] unsigned char 
 Return value:  Size  Location     Type
                  1    wreg      unsigned char 
 Registers used:
		wreg, status,2, status,0, pclath, cstack
 Tracked objects:
		On entry : 
		On exit  : 
		Unchanged: 
 Data sizes:     COMMON   BANK0   BANK1   BANK3   BANK2
      Params:         0       2       0       0       0
      Locals:         0       3       0       0       0
      Temps:          1       0       0       0       0
      Totals:         1       5       0       0       0
Total ram usage:        6 bytes
 Hardware stack levels used:    1
 Hardware stack levels required when called:    3
 This function calls:
		_i2c_rb
		_i2c_start
		_i2c_stop
		_i2c_wb
 This function is called by:
		_Vid_WriteExternalEEPROM
		_main
 This function uses a non-reentrant model


 *************** function _i2c_wb *****************
 Defined at:
		line 53 in file "i2c.c"
 Parameters:    Size  Location     Type
  val             1    wreg     unsigned char 
 Auto vars:     Size  Location     Type
  val             1    0[BANK0 ] unsigned char 
  i               1    1[BANK0 ] unsigned char 
 Return value:  Size  Location     Type
                  1    wreg      void 
 Registers used:
		wreg, status,2, status,0, pclath, cstack
 Tracked objects:
		On entry : 
		On exit  : 
		Unchanged: 
 Data sizes:     COMMON   BANK0   BANK1   BANK3   BANK2
      Params:         0       0       0       0       0
      Locals:         0       2       0       0       0
      Temps:          2       0       0       0       0
      Totals:         2       2       0       0       0
Total ram usage:        4 bytes
 Hardware stack levels used:    1
 Hardware stack levels required when called:    2
 This function calls:
		_Ndelay
 This function is called by:
		_u8_ReadExternalEEPROM
		_Vid_WriteExternalEEPROM
 This function uses a non-reentrant model


 *************** function _i2c_stop *****************
 Defined at:
		line 44 in file "i2c.c"
 Parameters:    Size  Location     Type
		None
 Auto vars:     Size  Location     Type
		None
 Return value:  Size  Location     Type
                  1    wreg      void 
 Registers used:
		status,2, status,0, pclath, cstack
 Tracked objects:
		On entry : 
		On exit  : 
		Unchanged: 
 Data sizes:     COMMON   BANK0   BANK1   BANK3   BANK2
      Params:         0       0       0       0       0
      Locals:         0       0       0       0       0
      Temps:          0       0       0       0       0
      Totals:         0       0       0       0       0
Total ram usage:        0 bytes
 Hardware stack levels used:    1
 Hardware stack levels required when called:    2
 This function calls:
		_Ndelay
 This function is called by:
		_u8_ReadExternalEEPROM
		_Vid_WriteExternalEEPROM
 This function uses a non-reentrant model


 *************** function _i2c_start *****************
 Defined at:
		line 35 in file "i2c.c"
 Parameters:    Size  Location     Type
		None
 Auto vars:     Size  Location     Type
		None
 Return value:  Size  Location     Type
                  1    wreg      void 
 Registers used:
		status,2, status,0, pclath, cstack
 Tracked objects:
		On entry : 
		On exit  : 
		Unchanged: 
 Data sizes:     COMMON   BANK0   BANK1   BANK3   BANK2
      Params:         0       0       0       0       0
      Locals:         0       0       0       0       0
      Temps:          0       0       0       0       0
      Totals:         0       0       0       0       0
Total ram usage:        0 bytes
 Hardware stack levels used:    1
 Hardware stack levels required when called:    2
 This function calls:
		_Ndelay
 This function is called by:
		_u8_ReadExternalEEPROM
		_Vid_WriteExternalEEPROM
 This function uses a non-reentrant model


 *************** function _i2c_rb *****************
 Defined at:
		line 71 in file "i2c.c"
 Parameters:    Size  Location     Type
  ack             1    wreg     unsigned char 
 Auto vars:     Size  Location     Type
  ack             1    0[BANK0 ] unsigned char 
  i               1    2[BANK0 ] unsigned char 
  ret             1    1[BANK0 ] unsigned char 
 Return value:  Size  Location     Type
                  1    wreg      unsigned char 
 Registers used:
		wreg, status,2, status,0, pclath, cstack
 Tracked objects:
		On entry : 
		On exit  : 
		Unchanged: 
 Data sizes:     COMMON   BANK0   BANK1   BANK3   BANK2
      Params:         0       0       0       0       0
      Locals:         0       3       0       0       0
      Temps:          2       0       0       0       0
      Totals:         2       3       0       0       0
Total ram usage:        5 bytes
 Hardware stack levels used:    1
 Hardware stack levels required when called:    2
 This function calls:
		_Ndelay
 This function is called by:
		_u8_ReadExternalEEPROM
 This function uses a non-reentrant model


 *************** function _Ndelay *****************
 Defined at:
		line 14 in file "i2c.c"
 Parameters:    Size  Location     Type
		None
 Auto vars:     Size  Location     Type
		None
 Return value:  Size  Location     Type
                  1    wreg      void 
 Registers used:
		None
 Tracked objects:
		On entry : 
		On exit  : 
		Unchanged: 
 Data sizes:     COMMON   BANK0   BANK1   BANK3   BANK2
      Params:         0       0       0       0       0
      Locals:         0       0       0       0       0
      Temps:          0       0       0       0       0
      Totals:         0       0       0       0       0
Total ram usage:        0 bytes
 Hardware stack levels used:    1
 Hardware stack levels required when called:    1
 This function calls:
		Nothing
 This function is called by:
		_i2c_start
		_i2c_stop
		_i2c_wb
		_i2c_rb
 This function uses a non-reentrant model


 *************** function _Timer0_init *****************
 Defined at:
		line 22 in file "Timer.c"
 Parameters:    Size  Location     Type
		None
 Auto vars:     Size  Location     Type
		None
 Return value:  Size  Location     Type
                  1    wreg      void 
 Registers used:
		None
 Tracked objects:
		On entry : 
		On exit  : 
		Unchanged: 
 Data sizes:     COMMON   BANK0   BANK1   BANK3   BANK2
      Params:         0       0       0       0       0
      Locals:         0       0       0       0       0
      Temps:          0       0       0       0       0
      Totals:         0       0       0       0       0
Total ram usage:        0 bytes
 Hardware stack levels used:    1
 Hardware stack levels required when called:    1
 This function calls:
		Nothing
 This function is called by:
		_main
 This function uses a non-reentrant model


 *************** function _Task_vidGetTemp *****************
 Defined at:
		line 42 in file "HAL.c"
 Parameters:    Size  Location     Type
		None
 Auto vars:     Size  Location     Type
		None
 Return value:  Size  Location     Type
                  1    wreg      void 
 Registers used:
		wreg, status,2, status,0, pclath, cstack
 Tracked objects:
		On entry : 
		On exit  : 
		Unchanged: 
 Data sizes:     COMMON   BANK0   BANK1   BANK3   BANK2
      Params:         0       0       0       0       0
      Locals:         0       0       0       0       0
      Temps:          0       1       0       0       0
      Totals:         0       1       0       0       0
Total ram usage:        1 bytes
 Hardware stack levels used:    1
 Hardware stack levels required when called:    3
 This function calls:
		_ADC_Read
		___ftdiv
		___ftmul
		___fttol
		___lwtoft
 This function is called by:
		_main
 This function uses a non-reentrant model


 *************** function ___lwtoft *****************
 Defined at:
		line 28 in file "C:\Program Files (x86)\Microchip\xc8\v1.45\sources\common\lwtoft.c"
 Parameters:    Size  Location     Type
  c               2    5[BANK0 ] unsigned int 
 Auto vars:     Size  Location     Type
		None
 Return value:  Size  Location     Type
                  3    5[BANK0 ] float 
 Registers used:
		wreg, status,2, status,0, pclath, cstack
 Tracked objects:
		On entry : 
		On exit  : 
		Unchanged: 
 Data sizes:     COMMON   BANK0   BANK1   BANK3   BANK2
      Params:         0       3       0       0       0
      Locals:         0       0       0       0       0
      Temps:          0       1       0       0       0
      Totals:         0       4       0       0       0
Total ram usage:        4 bytes
 Hardware stack levels used:    1
 Hardware stack levels required when called:    2
 This function calls:
		___ftpack
 This function is called by:
		_Task_vidGetTemp
 This function uses a non-reentrant model


 *************** function ___ftmul *****************
 Defined at:
		line 62 in file "C:\Program Files (x86)\Microchip\xc8\v1.45\sources\common\ftmul.c"
 Parameters:    Size  Location     Type
  f1              3    9[BANK0 ] float 
  f2              3   12[BANK0 ] float 
 Auto vars:     Size  Location     Type
  f3_as_produc    3   20[BANK0 ] unsigned um
  sign            1   24[BANK0 ] unsigned char 
  cntr            1   23[BANK0 ] unsigned char 
  exp             1   19[BANK0 ] unsigned char 
 Return value:  Size  Location     Type
                  3    9[BANK0 ] float 
 Registers used:
		wreg, status,2, status,0, pclath, cstack
 Tracked objects:
		On entry : 
		On exit  : 
		Unchanged: 
 Data sizes:     COMMON   BANK0   BANK1   BANK3   BANK2
      Params:         0       6       0       0       0
      Locals:         0       6       0       0       0
      Temps:          0       4       0       0       0
      Totals:         0      16       0       0       0
Total ram usage:       16 bytes
 Hardware stack levels used:    1
 Hardware stack levels required when called:    2
 This function calls:
		___ftpack
 This function is called by:
		_Task_vidGetTemp
 This function uses a non-reentrant model


 *************** function _ADC_Read *****************
 Defined at:
		line 35 in file "ADC.c"
 Parameters:    Size  Location     Type
		None
 Auto vars:     Size  Location     Type
		None
 Return value:  Size  Location     Type
                  2    4[COMMON] unsigned short 
 Registers used:
		wreg
 Tracked objects:
		On entry : 
		On exit  : 
		Unchanged: 
 Data sizes:     COMMON   BANK0   BANK1   BANK3   BANK2
      Params:         2       0       0       0       0
      Locals:         0       0       0       0       0
      Temps:          0       0       0       0       0
      Totals:         2       0       0       0       0
Total ram usage:        2 bytes
 Hardware stack levels used:    1
 Hardware stack levels required when called:    1
 This function calls:
		Nothing
 This function is called by:
		_Task_vidGetTemp
 This function uses a non-reentrant model


 *************** function _Task_vidDisplayTemp *****************
 Defined at:
		line 30 in file "HAL.c"
 Parameters:    Size  Location     Type
  u8Temprature    1    wreg     unsigned char 
 Auto vars:     Size  Location     Type
  u8Temprature    1   10[BANK0 ] unsigned char 
 Return value:  Size  Location     Type
                  1    wreg      void 
 Registers used:
		wreg, fsr0l, fsr0h, status,2, status,0, pclath, cstack
 Tracked objects:
		On entry : 
		On exit  : 
		Unchanged: 
 Data sizes:     COMMON   BANK0   BANK1   BANK3   BANK2
      Params:         0       0       0       0       0
      Locals:         0       1       0       0       0
      Temps:          0       2       0       0       0
      Totals:         0       3       0       0       0
Total ram usage:        3 bytes
 Hardware stack levels used:    1
 Hardware stack levels required when called:    2
 This function calls:
		___awdiv
		___awmod
		_displaySevenSegment
 This function is called by:
		_main
 This function uses a non-reentrant model


 *************** function _displaySevenSegment *****************
 Defined at:
		line 14 in file "display7s.c"
 Parameters:    Size  Location     Type
  v               1    wreg     unsigned char 
 Auto vars:     Size  Location     Type
  v               1    4[COMMON] unsigned char 
 Return value:  Size  Location     Type
                  1    wreg      unsigned char 
 Registers used:
		wreg, fsr0l, fsr0h, status,2, status,0
 Tracked objects:
		On entry : 
		On exit  : 
		Unchanged: 
 Data sizes:     COMMON   BANK0   BANK1   BANK3   BANK2
      Params:         0       0       0       0       0
      Locals:         1       0       0       0       0
      Temps:          0       0       0       0       0
      Totals:         1       0       0       0       0
Total ram usage:        1 bytes
 Hardware stack levels used:    1
 Hardware stack levels required when called:    1
 This function calls:
		Nothing
 This function is called by:
		_Task_vidDisplayTemp
 This function uses a non-reentrant model


 *************** function ___awmod *****************
 Defined at:
		line 6 in file "C:\Program Files (x86)\Microchip\xc8\v1.45\sources\common\awmod.c"
 Parameters:    Size  Location     Type
  divisor         2    0[BANK0 ] int 
  dividend        2    2[BANK0 ] int 
 Auto vars:     Size  Location     Type
  sign            1    6[COMMON] unsigned char 
  counter         1    5[COMMON] unsigned char 
 Return value:  Size  Location     Type
                  2    0[BANK0 ] int 
 Registers used:
		wreg, status,2, status,0
 Tracked objects:
		On entry : 
		On exit  : 
		Unchanged: 
 Data sizes:     COMMON   BANK0   BANK1   BANK3   BANK2
      Params:         0       4       0       0       0
      Locals:         2       0       0       0       0
      Temps:          1       0       0       0       0
      Totals:         3       4       0       0       0
Total ram usage:        7 bytes
 Hardware stack levels used:    1
 Hardware stack levels required when called:    1
 This function calls:
		Nothing
 This function is called by:
		_Task_vidDisplayTemp
 This function uses a non-reentrant model


 *************** function ___awdiv *****************
 Defined at:
		line 6 in file "C:\Program Files (x86)\Microchip\xc8\v1.45\sources\common\awdiv.c"
 Parameters:    Size  Location     Type
  divisor         2    0[BANK0 ] int 
  dividend        2    2[BANK0 ] int 
 Auto vars:     Size  Location     Type
  quotient        2    6[BANK0 ] int 
  sign            1    5[BANK0 ] unsigned char 
  counter         1    4[BANK0 ] unsigned char 
 Return value:  Size  Location     Type
                  2    0[BANK0 ] int 
 Registers used:
		wreg, status,2, status,0
 Tracked objects:
		On entry : 
		On exit  : 
		Unchanged: 
 Data sizes:     COMMON   BANK0   BANK1   BANK3   BANK2
      Params:         0       4       0       0       0
      Locals:         0       4       0       0       0
      Temps:          1       0       0       0       0
      Totals:         1       8       0       0       0
Total ram usage:        9 bytes
 Hardware stack levels used:    1
 Hardware stack levels required when called:    1
 This function calls:
		Nothing
 This function is called by:
		_Task_vidDisplayTemp
 This function uses a non-reentrant model


 *************** function _TASK_vidWaterConditioning *****************
 Defined at:
		line 115 in file "HAL.c"
 Parameters:    Size  Location     Type
		None
 Auto vars:     Size  Location     Type
  SumTemp        40    0[BANK1 ] unsigned long [10]
  AvgTemp         4   44[BANK1 ] unsigned long 
  AllSum          4   40[BANK1 ] unsigned long 
  j               1   48[BANK1 ] unsigned char 
 Return value:  Size  Location     Type
                  1    wreg      void 
 Registers used:
		wreg, fsr0l, fsr0h, status,2, status,0, pclath, cstack
 Tracked objects:
		On entry : 
		On exit  : 
		Unchanged: 
 Data sizes:     COMMON   BANK0   BANK1   BANK3   BANK2
      Params:         0       0       0       0       0
      Locals:         0       0      49       0       0
      Temps:          0       6       0       0       0
      Totals:         0       6      49       0       0
Total ram usage:       55 bytes
 Hardware stack levels used:    1
 Hardware stack levels required when called:    3
 This function calls:
		___ftdiv
		___fttol
		___lltoft
 This function is called by:
		_main
 This function uses a non-reentrant model


 *************** function ___lltoft *****************
 Defined at:
		line 35 in file "C:\Program Files (x86)\Microchip\xc8\v1.45\sources\common\lltoft.c"
 Parameters:    Size  Location     Type
  c               4    5[BANK0 ] unsigned long 
 Auto vars:     Size  Location     Type
  exp             1   10[BANK0 ] unsigned char 
 Return value:  Size  Location     Type
                  3    5[BANK0 ] float 
 Registers used:
		wreg, status,2, status,0, pclath, cstack
 Tracked objects:
		On entry : 
		On exit  : 
		Unchanged: 
 Data sizes:     COMMON   BANK0   BANK1   BANK3   BANK2
      Params:         0       4       0       0       0
      Locals:         0       1       0       0       0
      Temps:          0       1       0       0       0
      Totals:         0       6       0       0       0
Total ram usage:        6 bytes
 Hardware stack levels used:    1
 Hardware stack levels required when called:    2
 This function calls:
		___ftpack
 This function is called by:
		_TASK_vidWaterConditioning
 This function uses a non-reentrant model


 *************** function ___fttol *****************
 Defined at:
		line 44 in file "C:\Program Files (x86)\Microchip\xc8\v1.45\sources\common\fttol.c"
 Parameters:    Size  Location     Type
  f1              3   41[BANK0 ] float 
 Auto vars:     Size  Location     Type
  lval            4   50[BANK0 ] unsigned long 
  exp1            1   54[BANK0 ] unsigned char 
  sign1           1   49[BANK0 ] unsigned char 
 Return value:  Size  Location     Type
                  4   41[BANK0 ] long 
 Registers used:
		wreg, status,2, status,0
 Tracked objects:
		On entry : 
		On exit  : 
		Unchanged: 
 Data sizes:     COMMON   BANK0   BANK1   BANK3   BANK2
      Params:         0       4       0       0       0
      Locals:         0       6       0       0       0
      Temps:          0       4       0       0       0
      Totals:         0      14       0       0       0
Total ram usage:       14 bytes
 Hardware stack levels used:    1
 Hardware stack levels required when called:    1
 This function calls:
		Nothing
 This function is called by:
		_Task_vidGetTemp
		_TASK_vidWaterConditioning
 This function uses a non-reentrant model


 *************** function ___ftdiv *****************
 Defined at:
		line 56 in file "C:\Program Files (x86)\Microchip\xc8\v1.45\sources\common\ftdiv.c"
 Parameters:    Size  Location     Type
  f2              3   25[BANK0 ] float 
  f1              3   28[BANK0 ] float 
 Auto vars:     Size  Location     Type
  f3              3   36[BANK0 ] float 
  sign            1   40[BANK0 ] unsigned char 
  exp             1   39[BANK0 ] unsigned char 
  cntr            1   35[BANK0 ] unsigned char 
 Return value:  Size  Location     Type
                  3   25[BANK0 ] float 
 Registers used:
		wreg, status,2, status,0, pclath, cstack
 Tracked objects:
		On entry : 
		On exit  : 
		Unchanged: 
 Data sizes:     COMMON   BANK0   BANK1   BANK3   BANK2
      Params:         0       6       0       0       0
      Locals:         0       6       0       0       0
      Temps:          0       4       0       0       0
      Totals:         0      16       0       0       0
Total ram usage:       16 bytes
 Hardware stack levels used:    1
 Hardware stack levels required when called:    2
 This function calls:
		___ftpack
 This function is called by:
		_Task_vidGetTemp
		_TASK_vidWaterConditioning
 This function uses a non-reentrant model


 *************** function ___ftpack *****************
 Defined at:
		line 62 in file "C:\Program Files (x86)\Microchip\xc8\v1.45\sources\common\float.c"
 Parameters:    Size  Location     Type
  arg             3    0[BANK0 ] unsigned um
  exp             1    3[BANK0 ] unsigned char 
  sign            1    4[BANK0 ] unsigned char 
 Auto vars:     Size  Location     Type
		None
 Return value:  Size  Location     Type
                  3    0[BANK0 ] float 
 Registers used:
		wreg, status,2, status,0
 Tracked objects:
		On entry : 
		On exit  : 
		Unchanged: 
 Data sizes:     COMMON   BANK0   BANK1   BANK3   BANK2
      Params:         0       5       0       0       0
      Locals:         0       0       0       0       0
      Temps:          3       0       0       0       0
      Totals:         3       5       0       0       0
Total ram usage:        8 bytes
 Hardware stack levels used:    1
 Hardware stack levels required when called:    1
 This function calls:
		Nothing
 This function is called by:
		___ftdiv
		___ftmul
		___lltoft
		___lwtoft
 This function uses a non-reentrant model


 *************** function _TASK_vidSwitchOFFALLPeripherals *****************
 Defined at:
		line 153 in file "HAL.c"
 Parameters:    Size  Location     Type
		None
 Auto vars:     Size  Location     Type
		None
 Return value:  Size  Location     Type
                  1    wreg      void 
 Registers used:
		None
 Tracked objects:
		On entry : 
		On exit  : 
		Unchanged: 
 Data sizes:     COMMON   BANK0   BANK1   BANK3   BANK2
      Params:         0       0       0       0       0
      Locals:         0       0       0       0       0
      Temps:          0       0       0       0       0
      Totals:         0       0       0       0       0
Total ram usage:        0 bytes
 Hardware stack levels used:    1
 Hardware stack levels required when called:    1
 This function calls:
		Nothing
 This function is called by:
		_main
 This function uses a non-reentrant model


 *************** function _TASK_vidReadUPDOWNSwitch *****************
 Defined at:
		line 74 in file "HAL.c"
 Parameters:    Size  Location     Type
		None
 Auto vars:     Size  Location     Type
		None
 Return value:  Size  Location     Type
                  1    wreg      void 
 Registers used:
		wreg, fsr0l, fsr0h, status,2, status,0
 Tracked objects:
		On entry : 
		On exit  : 
		Unchanged: 
 Data sizes:     COMMON   BANK0   BANK1   BANK3   BANK2
      Params:         0       0       0       0       0
      Locals:         0       0       0       0       0
      Temps:          0       0       0       0       0
      Totals:         0       0       0       0       0
Total ram usage:        0 bytes
 Hardware stack levels used:    1
 Hardware stack levels required when called:    1
 This function calls:
		Nothing
 This function is called by:
		_main
 This function uses a non-reentrant model


 *************** function _TASK_vidReadOnOffSwitch *****************
 Defined at:
		line 50 in file "HAL.c"
 Parameters:    Size  Location     Type
		None
 Auto vars:     Size  Location     Type
		None
 Return value:  Size  Location     Type
                  1    wreg      void 
 Registers used:
		wreg, fsr0l, fsr0h, status,2, status,0
 Tracked objects:
		On entry : 
		On exit  : 
		Unchanged: 
 Data sizes:     COMMON   BANK0   BANK1   BANK3   BANK2
      Params:         0       0       0       0       0
      Locals:         0       0       0       0       0
      Temps:          0       0       0       0       0
      Totals:         0       0       0       0       0
Total ram usage:        0 bytes
 Hardware stack levels used:    1
 Hardware stack levels required when called:    1
 This function calls:
		Nothing
 This function is called by:
		_main
 This function uses a non-reentrant model


 *************** function _HW_init *****************
 Defined at:
		line 5 in file "DIO.c"
 Parameters:    Size  Location     Type
		None
 Auto vars:     Size  Location     Type
		None
 Return value:  Size  Location     Type
                  1    wreg      void 
 Registers used:
		None
 Tracked objects:
		On entry : 
		On exit  : 
		Unchanged: 
 Data sizes:     COMMON   BANK0   BANK1   BANK3   BANK2
      Params:         0       0       0       0       0
      Locals:         0       0       0       0       0
      Temps:          0       0       0       0       0
      Totals:         0       0       0       0       0
Total ram usage:        0 bytes
 Hardware stack levels used:    1
 Hardware stack levels required when called:    1
 This function calls:
		Nothing
 This function is called by:
		_main
 This function uses a non-reentrant model


 *************** function _DisplaySevenSegment_init *****************
 Defined at:
		line 9 in file "display7s.c"
 Parameters:    Size  Location     Type
		None
 Auto vars:     Size  Location     Type
		None
 Return value:  Size  Location     Type
                  1    wreg      void 
 Registers used:
		status,2
 Tracked objects:
		On entry : 
		On exit  : 
		Unchanged: 
 Data sizes:     COMMON   BANK0   BANK1   BANK3   BANK2
      Params:         0       0       0       0       0
      Locals:         0       0       0       0       0
      Temps:          0       0       0       0       0
      Totals:         0       0       0       0       0
Total ram usage:        0 bytes
 Hardware stack levels used:    1
 Hardware stack levels required when called:    1
 This function calls:
		Nothing
 This function is called by:
		_main
 This function uses a non-reentrant model


 *************** function _ADC_Init *****************
 Defined at:
		line 8 in file "ADC.c"
 Parameters:    Size  Location     Type
		None
 Auto vars:     Size  Location     Type
		None
 Return value:  Size  Location     Type
                  1    wreg      void 
 Registers used:
		None
 Tracked objects:
		On entry : 
		On exit  : 
		Unchanged: 
 Data sizes:     COMMON   BANK0   BANK1   BANK3   BANK2
      Params:         0       0       0       0       0
      Locals:         0       0       0       0       0
      Temps:          0       0       0       0       0
      Totals:         0       0       0       0       0
Total ram usage:        0 bytes
 Hardware stack levels used:    1
 Hardware stack levels required when called:    1
 This function calls:
		Nothing
 This function is called by:
		_main
 This function uses a non-reentrant model


 *************** function _ISR *****************
 Defined at:
		line 11 in file "Timer.c"
 Parameters:    Size  Location     Type
		None
 Auto vars:     Size  Location     Type
		None
 Return value:  Size  Location     Type
                  1    wreg      void 
 Registers used:
		wreg
 Tracked objects:
		On entry : 
		On exit  : 
		Unchanged: 
 Data sizes:     COMMON   BANK0   BANK1   BANK3   BANK2
      Params:         0       0       0       0       0
      Locals:         0       0       0       0       0
      Temps:          4       0       0       0       0
      Totals:         4       0       0       0       0
Total ram usage:        4 bytes
 Hardware stack levels used:    1
 This function calls:
		Nothing
 This function is called by:
		Interrupt level 1
 This function uses a non-reentrant model



MODULE INFORMATION

Module		Function		Class		Link	Load	Size
eeprom_ext.c
		_u8_ReadExternalEEPROM		CODE           	0760	0000	74
		_Vid_WriteExternalEEPROM		CODE           	0617	0000	91

eeprom_ext.c estimated size: 165

C:\Program Files (x86)\Microchip\xc8\v1.45\sources\common\float.c
		___ftpack      		CODE           	054E	0000	111

C:\Program Files (x86)\Microchip\xc8\v1.45\sources\common\float.c estimated size: 111

Timer.c
		_Timer0_init   		CODE           	0EC0	0000	14
		_ISR           		CODE           	0F3D	0000	43

Timer.c estimated size: 57

C:\Program Files (x86)\Microchip\xc8\v1.45\sources\common\lltoft.c
		___lltoft      		CODE           	0F67	0000	48

C:\Program Files (x86)\Microchip\xc8\v1.45\sources\common\lltoft.c estimated size: 48

i2c.c
		_i2c_rb        		CODE           	06C6	0000	78
		_i2c_start     		CODE           	0ECD	0000	17
		_i2c_stop      		CODE           	0EDD	0000	17
		_i2c_init      		CODE           	0E99	0000	9
		_i2c_wb        		CODE           	07A9	0000	64
		_Ndelay        		CODE           	0EA1	0000	10

i2c.c estimated size: 195

C:\Program Files (x86)\Microchip\xc8\v1.45\sources\common\ftmul.c
		___ftmul       		CODE           	02B8	0000	212

C:\Program Files (x86)\Microchip\xc8\v1.45\sources\common\ftmul.c estimated size: 212

C:\Program Files (x86)\Microchip\xc8\v1.45\sources\common\awmod.c
		___awmod       		CODE           	0713	0000	78

C:\Program Files (x86)\Microchip\xc8\v1.45\sources\common\awmod.c estimated size: 78

display7s.c
		_DisplaySevenSegment_init		CODE           	0E95	0000	5
		_displaySevenSegment		CODE           	0FC7	0000	58

display7s.c estimated size: 63

C:\Program Files (x86)\Microchip\xc8\v1.45\sources\common\ftdiv.c
		___ftdiv       		CODE           	038B	0000	185

C:\Program Files (x86)\Microchip\xc8\v1.45\sources\common\ftdiv.c estimated size: 185

DIO.c
		_HW_init       		CODE           	0F21	0000	29

DIO.c estimated size: 29

shared
		__initialization		CODE           	0015	0000	29

shared estimated size: 29

ADC.c
		_ADC_Read      		CODE           	0EB4	0000	13
		_ADC_Init      		CODE           	0F06	0000	28

ADC.c estimated size: 41

C:\Program Files (x86)\Microchip\xc8\v1.45\sources\common\fttol.c
		___fttol       		CODE           	0443	0000	143

C:\Program Files (x86)\Microchip\xc8\v1.45\sources\common\fttol.c estimated size: 143

C:\Program Files (x86)\Microchip\xc8\v1.45\sources\common\awdiv.c
		___awdiv       		CODE           	05BC	0000	92

C:\Program Files (x86)\Microchip\xc8\v1.45\sources\common\awdiv.c estimated size: 92

main.c
		_main          		CODE           	0035	0000	328

main.c estimated size: 328

C:\Program Files (x86)\Microchip\xc8\v1.45\sources\common\lwtoft.c
		___lwtoft      		CODE           	07E8	0000	25

C:\Program Files (x86)\Microchip\xc8\v1.45\sources\common\lwtoft.c estimated size: 25

HAL.c
		_TASK_vidReadOnOffSwitch		CODE           	0EED	0000	26
		_TASK_vidWaterConditioning		CODE           	017C	0000	317
		_Task_vidDisplayTemp		CODE           	0671	0000	86
		_TASK_vidReadUPDOWNSwitch		CODE           	0F96	0000	50
		_TASK_vidSwitchOFFALLPeripherals		CODE           	0EAA	0000	11
		_Task_vidGetTemp		CODE           	04D1	0000	126

HAL.c estimated size: 616

